
Discarded input sections

 .data          0x0000000000000000        0x0 start.o
 .bss           0x0000000000000000        0x0 start.o
 .data          0x0000000000000000        0x0 cpu_init.o
 .bss           0x0000000000000000        0x0 cpu_init.o
 .text          0x0000000000000000        0x0 nand_boot.o
 .data          0x0000000000000000        0x0 nand_boot.o
 .bss           0x0000000000000000        0x0 nand_boot.o
 .data          0x0000000000000000        0x0 lowlevel_init.o
 .bss           0x0000000000000000        0x0 lowlevel_init.o
 .text          0x0000000000000000        0x0 nand_ecc.o
 .data          0x0000000000000000        0x0 nand_ecc.o
 .bss           0x0000000000000000        0x0 nand_ecc.o
 .text.nand_correct_data
                0x0000000000000000      0x128 nand_ecc.o
 .text          0x0000000000000000        0x0 s3c64xx.o
 .text          0x0000000000000000        0x0 houstar_nand_spl.o
 .data          0x0000000000000000        0x0 houstar_nand_spl.o
 .bss           0x0000000000000000        0x0 houstar_nand_spl.o
 .text          0x0000000000000000        0x0 nand_base.o
 .data          0x0000000000000000      0xb68 nand_base.o
 .bss           0x0000000000000000        0x0 nand_base.o
 .text.nand_release_device
                0x0000000000000000       0x18 nand_base.o
 .text.nand_read_byte16
                0x0000000000000000       0x14 nand_base.o
 .text.nand_read_word
                0x0000000000000000       0x10 nand_base.o
 .text.nand_verify_buf
                0x0000000000000000       0x44 nand_base.o
 .text.nand_write_buf16
                0x0000000000000000       0x34 nand_base.o
 .text.nand_read_buf16
                0x0000000000000000       0x34 nand_base.o
 .text.nand_verify_buf16
                0x0000000000000000       0x48 nand_base.o
 .text.nand_check_wp
                0x0000000000000000       0x50 nand_base.o
 .text.nand_read_page_raw
                0x0000000000000000       0x38 nand_base.o
 .text.nand_read_page_raw_syndrome
                0x0000000000000000       0xd4 nand_base.o
 .text.nand_read_page_swecc
                0x0000000000000000      0x110 nand_base.o
 .text.nand_read_subpage
                0x0000000000000000      0x288 nand_base.o
 .text.nand_read_page_hwecc
                0x0000000000000000      0x140 nand_base.o
 .text.nand_read_page_hwecc_oob_first
                0x0000000000000000      0x13c nand_base.o
 .text.nand_read_page_syndrome
                0x0000000000000000      0x128 nand_base.o
 .text.nand_read_oob_std
                0x0000000000000000       0x48 nand_base.o
 .text.nand_read_oob_syndrome
                0x0000000000000000      0x108 nand_base.o
 .text.nand_write_oob_std
                0x0000000000000000       0x70 nand_base.o
 .text.nand_write_oob_syndrome
                0x0000000000000000      0x1b0 nand_base.o
 .text.nand_write_page_raw
                0x0000000000000000       0x34 nand_base.o
 .text.nand_write_page_raw_syndrome
                0x0000000000000000       0xd0 nand_base.o
 .text.nand_write_page_swecc
                0x0000000000000000       0xb0 nand_base.o
 .text.nand_write_page_hwecc
                0x0000000000000000       0xc8 nand_base.o
 .text.nand_write_page_syndrome
                0x0000000000000000       0xf4 nand_base.o
 .text.single_erase_cmd
                0x0000000000000000       0x3c nand_base.o
 .text.multi_erase_cmd
                0x0000000000000000       0x88 nand_base.o
 .text.nand_sync
                0x0000000000000000       0x10 nand_base.o
 .text.nand_block_checkbad
                0x0000000000000000       0x84 nand_base.o
 .text.nand_block_isbad
                0x0000000000000000       0x34 nand_base.o
 .text.nand_block_markbad
                0x0000000000000000       0x40 nand_base.o
 .text.nand_write_page
                0x0000000000000000       0xa8 nand_base.o
 .text.nand_block_bad
                0x0000000000000000      0x150 nand_base.o
 .text.nand_wait
                0x0000000000000000       0xdc nand_base.o
 .text.generic_ffs.part.0
                0x0000000000000000       0x44 nand_base.o
 .text.nand_select_chip
                0x0000000000000000       0x58 nand_base.o
 .text.nand_fill_oob
                0x0000000000000000      0x110 nand_base.o
 .text.nand_do_write_oob
                0x0000000000000000      0x1b8 nand_base.o
 .text.nand_default_block_markbad
                0x0000000000000000      0x174 nand_base.o
 .text.nand_do_write_ops
                0x0000000000000000      0x344 nand_base.o
 .text.nand_write_oob
                0x0000000000000000       0x9c nand_base.o
 .text.nand_write
                0x0000000000000000       0x8c nand_base.o
 .text.nand_transfer_oob
                0x0000000000000000      0x110 nand_base.o
 .text.nand_wait_ready
                0x0000000000000000       0x4c nand_base.o
 .text.nand_do_read_ops
                0x0000000000000000      0x3c4 nand_base.o
 .text.nand_read_oob
                0x0000000000000000      0x2a0 nand_base.o
 .text.nand_read
                0x0000000000000000       0x8c nand_base.o
 .text.nand_command
                0x0000000000000000      0x1d8 nand_base.o
 .text.nand_command_lp
                0x0000000000000000      0x264 nand_base.o
 .text.nand_erase_nand
                0x0000000000000000      0x404 nand_base.o
 .text.nand_erase
                0x0000000000000000        0x8 nand_base.o
 .text.nand_scan_ident
                0x0000000000000000      0x7e0 nand_base.o
 .text.nand_scan_tail
                0x0000000000000000      0x5c4 nand_base.o
 .text.nand_scan
                0x0000000000000000       0x24 nand_base.o
 .text.nand_release
                0x0000000000000000       0x44 nand_base.o
 .rodata        0x0000000000000000       0x64 nand_base.o
 .rodata.str1.1
                0x0000000000000000      0x286 nand_base.o

Memory Configuration

Name             Origin             Length             Attributes
*default*        0x0000000000000000 0xffffffffffffffff

Linker script and memory map

                0x0000000000000000                . = 0x0
                0x0000000000000000                . = ALIGN (0x4)

.text           0x0000000000000000      0x47c
 start.o(.text)
 .text          0x0000000000000000      0x180 start.o
                0x0000000000000000                _start
                0x0000000000000040                _end_vect
                0x0000000000000040                _TEXT_BASE
                0x0000000000000048                _bss_start_ofs
                0x000000000000004c                _bss_end_ofs
                0x0000000000000050                _end_ofs
                0x0000000000000054                IRQ_STACK_START_IN
                0x0000000000000088                relocate_code
 cpu_init.o(.text)
 .text          0x0000000000000180      0x124 cpu_init.o
                0x0000000000000180                mem_ctrl_asm_init
 nand_boot.o(.text)
 *(.text)
 .text          0x00000000000002a4      0x1d8 lowlevel_init.o
                0x00000000000002a8                lowlevel_init

.glue_7         0x000000000000047c        0x0
 .glue_7        0x0000000000000000        0x0 linker stubs

.glue_7t        0x000000000000047c        0x0
 .glue_7t       0x0000000000000000        0x0 linker stubs

.vfp11_veneer   0x000000000000047c        0x0
 .vfp11_veneer  0x0000000000000000        0x0 linker stubs

.v4_bx          0x000000000000047c        0x0
 .v4_bx         0x0000000000000000        0x0 linker stubs

.text.nand_command.constprop.0
                0x000000000000047c       0xec
 .text.nand_command.constprop.0
                0x000000000000047c       0xec nand_boot.o

.text.nand_load
                0x0000000000000568      0x154
 .text.nand_load
                0x0000000000000568      0x154 nand_boot.o

.text.nand_boot
                0x00000000000006bc       0x9c
 .text.nand_boot
                0x00000000000006bc       0x9c nand_boot.o
                0x00000000000006bc                nand_boot

.text.s3c_nand_select_chip
                0x0000000000000758       0x40
 .text.s3c_nand_select_chip
                0x0000000000000758       0x40 s3c64xx.o

.text.s3c_nand_device_ready
                0x0000000000000798       0x14
 .text.s3c_nand_device_ready
                0x0000000000000798       0x14 s3c64xx.o

.text.s3c_nand_enable_hwecc
                0x00000000000007ac       0x40
 .text.s3c_nand_enable_hwecc
                0x00000000000007ac       0x40 s3c64xx.o

.text.s3c_nand_calculate_ecc
                0x00000000000007ec       0x3c
 .text.s3c_nand_calculate_ecc
                0x00000000000007ec       0x3c s3c64xx.o

.text.s3c_nand_correct_data
                0x0000000000000828       0x5c
 .text.s3c_nand_correct_data
                0x0000000000000828       0x5c s3c64xx.o

.text.s3c_nand_hwcontrol
                0x0000000000000884       0x80
 .text.s3c_nand_hwcontrol
                0x0000000000000884       0x80 s3c64xx.o

.text.board_nand_init
                0x0000000000000904       0xf0
 .text.board_nand_init
                0x0000000000000904       0xf0 s3c64xx.o
                0x0000000000000904                board_nand_init

.text.board_init_f
                0x00000000000009f4       0x18
 .text.board_init_f
                0x00000000000009f4       0x18 houstar_nand_spl.o
                0x00000000000009f4                board_init_f

.text.nand_read_byte
                0x0000000000000a0c       0x14
 .text.nand_read_byte
                0x0000000000000a0c       0x14 nand_base.o
                0x0000000000000a0c                nand_read_byte

.text.nand_write_buf
                0x0000000000000a20       0x2c
 .text.nand_write_buf
                0x0000000000000a20       0x2c nand_base.o
                0x0000000000000a20                nand_write_buf

.text.nand_read_buf
                0x0000000000000a4c       0x2c
 .text.nand_read_buf
                0x0000000000000a4c       0x2c nand_base.o
                0x0000000000000a4c                nand_read_buf
                0x0000000000000a78                . = ALIGN (0x4)

.rodata         0x0000000000000a78       0x60
 *(SORT(.rodata*))
 .rodata        0x0000000000000a78       0x60 nand_boot.o
                0x0000000000000ad8                . = ALIGN (0x4)

.data           0x0000000000000ad8        0x8
 *(.data)
 .data          0x0000000000000ad8        0x8 s3c64xx.o
                0x0000000000000ae0                . = ALIGN (0x4)

.got
 *(.got)
                0x0000000000000ae0                __u_boot_cmd_start = .

.u_boot_cmd
 *(.u_boot_cmd)
                0x0000000000000ae0                __u_boot_cmd_end = .
                0x0000000000000ae0                . = ALIGN (0x4)

.rel.dyn        0x0000000000000ae0        0x0
                0x0000000000000ae0                __rel_dyn_start = .
 *(.rel*)
                0x0000000000000ae0                __rel_dyn_end = .

.dynsym         0x0000000000000ae0        0x0
                0x0000000000000ae0                __dynsym_start = .
 *(.dynsym)
                0x0000000000000ae0                _end = .

.bss            0x0000000000000ae0        0x4
                0x0000000000000ae0                __bss_start = .
 *(.bss)
 .bss           0x0000000000000ae0        0x4 s3c64xx.o
                0x0000000000000ae4                . = ALIGN (0x4)
                0x0000000000000ae4                __bss_end__ = .
Address of section .text set to 0x0
LOAD start.o
LOAD cpu_init.o
LOAD lowlevel_init.o
LOAD nand_boot.o
LOAD nand_ecc.o
LOAD s3c64xx.o
LOAD houstar_nand_spl.o
LOAD nand_base.o
OUTPUT(/home/houstar/GitRepo/u-boot/nand_spl/u-boot-spl elf32-littlearm)

.ARM.attributes
                0x0000000000000000       0x2a
 .ARM.attributes
                0x0000000000000000       0x1e start.o
 .ARM.attributes
                0x000000000000001e       0x1e cpu_init.o
 .ARM.attributes
                0x000000000000003c       0x2c nand_boot.o
 .ARM.attributes
                0x0000000000000068       0x1e lowlevel_init.o
 .ARM.attributes
                0x0000000000000086       0x2c nand_ecc.o
 .ARM.attributes
                0x00000000000000b2       0x2c s3c64xx.o
 .ARM.attributes
                0x00000000000000de       0x2c houstar_nand_spl.o
 .ARM.attributes
                0x000000000000010a       0x2c nand_base.o

.comment        0x0000000000000000       0x11
 .comment       0x0000000000000000       0x11 nand_boot.o
                                         0x12 (size before relaxing)
 .comment       0x0000000000000000       0x12 nand_ecc.o
 .comment       0x0000000000000000       0x12 s3c64xx.o
 .comment       0x0000000000000000       0x12 houstar_nand_spl.o
 .comment       0x0000000000000000       0x12 nand_base.o

.note.GNU-stack
                0x0000000000000000        0x0
 .note.GNU-stack
                0x0000000000000000        0x0 nand_boot.o
 .note.GNU-stack
                0x0000000000000000        0x0 nand_ecc.o
 .note.GNU-stack
                0x0000000000000000        0x0 s3c64xx.o
 .note.GNU-stack
                0x0000000000000000        0x0 houstar_nand_spl.o
 .note.GNU-stack
                0x0000000000000000        0x0 nand_base.o

.debug_line     0x0000000000000000     0x19c2
 .debug_line    0x0000000000000000       0x88 start.o
 .debug_line    0x0000000000000088       0x7c cpu_init.o
 .debug_line    0x0000000000000104      0x1fb nand_boot.o
 .debug_line    0x00000000000002ff       0xac lowlevel_init.o
 .debug_line    0x00000000000003ab      0x170 nand_ecc.o
 .debug_line    0x000000000000051b      0x252 s3c64xx.o
 .debug_line    0x000000000000076d      0x106 houstar_nand_spl.o
 .debug_line    0x0000000000000873     0x114f nand_base.o

.debug_info     0x0000000000000000     0x9b7e
 .debug_info    0x0000000000000000       0x6c start.o
 .debug_info    0x000000000000006c       0x6f cpu_init.o
 .debug_info    0x00000000000000db     0x18d1 nand_boot.o
 .debug_info    0x00000000000019ac       0x74 lowlevel_init.o
 .debug_info    0x0000000000001a20      0xb3e nand_ecc.o
 .debug_info    0x000000000000255e     0x171f s3c64xx.o
 .debug_info    0x0000000000003c7d      0x49d houstar_nand_spl.o
 .debug_info    0x000000000000411a     0x5a64 nand_base.o

.debug_abbrev   0x0000000000000000      0xfc4
 .debug_abbrev  0x0000000000000000       0x14 start.o
 .debug_abbrev  0x0000000000000014       0x14 cpu_init.o
 .debug_abbrev  0x0000000000000028      0x30d nand_boot.o
 .debug_abbrev  0x0000000000000335       0x14 lowlevel_init.o
 .debug_abbrev  0x0000000000000349      0x1df nand_ecc.o
 .debug_abbrev  0x0000000000000528      0x321 s3c64xx.o
 .debug_abbrev  0x0000000000000849      0x142 houstar_nand_spl.o
 .debug_abbrev  0x000000000000098b      0x639 nand_base.o

.debug_aranges  0x0000000000000000      0x300
 .debug_aranges
                0x0000000000000000       0x20 start.o
 .debug_aranges
                0x0000000000000020       0x20 cpu_init.o
 .debug_aranges
                0x0000000000000040       0x30 nand_boot.o
 .debug_aranges
                0x0000000000000070       0x20 lowlevel_init.o
 .debug_aranges
                0x0000000000000090       0x20 nand_ecc.o
 .debug_aranges
                0x00000000000000b0       0x50 s3c64xx.o
 .debug_aranges
                0x0000000000000100       0x20 houstar_nand_spl.o
 .debug_aranges
                0x0000000000000120      0x1e0 nand_base.o

.debug_loc      0x0000000000000000     0x4d77
 .debug_loc     0x0000000000000000      0x3bb nand_boot.o
 .debug_loc     0x00000000000003bb      0x2d0 nand_ecc.o
 .debug_loc     0x000000000000068b      0x47a s3c64xx.o
 .debug_loc     0x0000000000000b05       0x41 houstar_nand_spl.o
 .debug_loc     0x0000000000000b46     0x4231 nand_base.o

.debug_ranges   0x0000000000000000      0x618
 .debug_ranges  0x0000000000000000       0x90 nand_boot.o
 .debug_ranges  0x0000000000000090       0x10 nand_ecc.o
 .debug_ranges  0x00000000000000a0       0x58 s3c64xx.o
 .debug_ranges  0x00000000000000f8       0x10 houstar_nand_spl.o
 .debug_ranges  0x0000000000000108      0x510 nand_base.o

.debug_str      0x0000000000000000     0x11ce
 .debug_str     0x0000000000000000      0x7a1 nand_boot.o
                                        0x97f (size before relaxing)
 .debug_str     0x00000000000007a1       0x37 nand_ecc.o
                                        0x5b4 (size before relaxing)
 .debug_str     0x00000000000007d8      0x101 s3c64xx.o
                                        0x9d0 (size before relaxing)
 .debug_str     0x00000000000008d9       0xf8 houstar_nand_spl.o
                                        0x30f (size before relaxing)
 .debug_str     0x00000000000009d1      0x7fd nand_base.o
                                       0x1141 (size before relaxing)

.debug_frame    0x0000000000000000      0x87c
 .debug_frame   0x0000000000000000       0x78 nand_boot.o
 .debug_frame   0x0000000000000078       0x30 nand_ecc.o
 .debug_frame   0x00000000000000a8       0x8c s3c64xx.o
 .debug_frame   0x0000000000000134       0x28 houstar_nand_spl.o
 .debug_frame   0x000000000000015c      0x720 nand_base.o
